<svg height="220" viewBox="0 0 360 220" width="360" xmlns="http://www.w3.org/2000/svg" xmlns:xlink="http://www.w3.org/1999/xlink"> <text dominant-baseline="hanging" fill="#059669" font-family="Noto Sans SC Regular" font-size="11" text-anchor="start" x="11" y="61"> mask </text> <text dominant-baseline="hanging" fill="#059669" font-family="Noto Sans SC Regular" font-size="11" text-anchor="start" x="292" y="60"> algorithm </text> </svg>